// Jest Snapshot v1, https://goo.gl/fbAQLP

exports[`App Snapshot test 1`] = `
<div>
  <nav
    className="navbar navbar-expand navbar-dark bg-dark"
  >
    <img
      alt="logo"
      className="logo"
      src="championLogo.png"
    />
    <span
      className="navbar-brand"
    >
      My Champions Dashboard
    </span>
  </nav>
  <div
    className="container"
  >
    <button
      className="styledButton"
      onClick={[Function]}
      type="button"
    >
      Back to Home
    </button>
    <div
      className="table-responsive-lg"
    >
      <table
        className="table table-striped table-bordered table-hover"
      >
        <thead>
          <tr>
            <th
              colSpan="2"
            >
              <img />
            </th>
          </tr>
        </thead>
        <tbody>
          <tr>
            <td>
              id 
            </td>
            <td>
               
               
            </td>
          </tr>
          <tr>
            <td>
              name 
            </td>
            <td>
               
               
            </td>
          </tr>
          <tr>
            <td>
              armor 
            </td>
            <td>
               
               
            </td>
          </tr>
          <tr>
            <td>
              armorperlevel 
            </td>
            <td>
               
               
            </td>
          </tr>
          <tr>
            <td>
              attackdamage 
            </td>
            <td>
               
               
            </td>
          </tr>
          <tr>
            <td>
              attackdamageperlevel 
            </td>
            <td>
               
               
            </td>
          </tr>
          <tr>
            <td>
              attackrange 
            </td>
            <td>
               
               
            </td>
          </tr>
          <tr>
            <td>
              attackspeedoffset 
            </td>
            <td>
               
               
            </td>
          </tr>
          <tr>
            <td>
              attackspeedperlevel 
            </td>
            <td>
               
               
            </td>
          </tr>
          <tr>
            <td>
              crit 
            </td>
            <td>
               
               
            </td>
          </tr>
          <tr>
            <td>
              critperlevel 
            </td>
            <td>
               
               
            </td>
          </tr>
          <tr>
            <td>
              hp 
            </td>
            <td>
               
               
            </td>
          </tr>
          <tr>
            <td>
              hpperlevel 
            </td>
            <td>
               
               
            </td>
          </tr>
          <tr>
            <td>
              hpregen 
            </td>
            <td>
               
               
            </td>
          </tr>
          <tr>
            <td>
              hpregenperlevel 
            </td>
            <td>
               
               
            </td>
          </tr>
          <tr>
            <td>
              movespeed 
            </td>
            <td>
               
               
            </td>
          </tr>
          <tr>
            <td>
              mp 
            </td>
            <td>
               
               
            </td>
          </tr>
          <tr>
            <td>
              mpperlevel 
            </td>
            <td>
               
               
            </td>
          </tr>
          <tr>
            <td>
              mpregen 
            </td>
            <td>
               
               
            </td>
          </tr>
          <tr>
            <td>
              mpregenperlevel 
            </td>
            <td>
               
               
            </td>
          </tr>
          <tr>
            <td>
              spellblock 
            </td>
            <td>
               
               
            </td>
          </tr>
          <tr>
            <td>
              spellblockperlevel 
            </td>
            <td>
               
               
            </td>
          </tr>
          <tr>
            <td>
              videogame_versions
            </td>
            <td />
          </tr>
        </tbody>
      </table>
    </div>
  </div>
  <p
    className="footer"
  >
    Copyright © 2020 , All Rights Reserved.
  </p>
</div>
`;
